<?php return array (
  0 => 'Symfony\\Bundle\\FrameworkBundle\\Controller\\AbstractController',
  1 => 'ApiPlatform\\Symfony\\Controller\\MainController',
  2 => 'Api\\V8\\Controller\\BaseController',
  3 => 'Api\\V8\\Controller\\InvocationStrategy\\SuiteInvocationStrategy',
  4 => 'Api\\V8\\Controller\\ListViewController',
  5 => 'Api\\V8\\Controller\\ListViewSearchController',
  6 => 'Api\\V8\\Controller\\LogoutController',
  7 => 'Api\\V8\\Controller\\MetaController',
  8 => 'Api\\V8\\Controller\\ModuleController',
  9 => 'Api\\V8\\Controller\\RelationshipController',
  10 => 'Api\\V8\\Controller\\UserController',
  11 => 'Api\\V8\\Controller\\UserPreferencesController',
  12 => 'Api\\V8\\OAuth2\\Entity\\AccessTokenEntity',
  13 => 'Api\\V8\\OAuth2\\Entity\\ClientEntity',
  14 => 'Api\\V8\\OAuth2\\Entity\\RefreshTokenEntity',
  15 => 'Api\\V8\\OAuth2\\Entity\\UserEntity',
  16 => 'App\\Authentication\\Controller\\SecurityController',
  17 => 'App\\Data\\Entity\\Record',
  18 => 'App\\Data\\Entity\\RecordList',
  19 => 'App\\Engine\\Controller\\IndexController',
  20 => 'App\\EntryPoint\\Controller\\EntryPointController',
  21 => 'App\\FieldDefinitions\\Entity\\FieldDefinition',
  22 => 'App\\Languages\\Entity\\AppListStrings',
  23 => 'App\\Languages\\Entity\\AppStrings',
  24 => 'App\\Languages\\Entity\\ModStrings',
  25 => 'App\\Metadata\\Entity\\AppMetadata',
  26 => 'App\\Metadata\\Entity\\ModuleMetadata',
  27 => 'App\\Module\\Users\\Entity\\User',
  28 => 'App\\Navbar\\Entity\\Navbar',
  29 => 'App\\Process\\Entity\\Process',
  30 => 'App\\Statistics\\Entity\\BatchedStatistics',
  31 => 'App\\Statistics\\Entity\\Statistic',
  32 => 'App\\SystemConfig\\Entity\\SystemConfig',
  33 => 'App\\Themes\\Entity\\ThemeImages',
  34 => 'App\\UserPreferences\\Entity\\UserPreference',
  35 => 'App\\ViewDefinitions\\Entity\\ViewDefinition',
  36 => 'Doctrine\\Bundle\\DoctrineBundle\\Controller\\ProfilerController',
  37 => 'Doctrine\\ORM\\Cache\\Persister\\Entity\\AbstractEntityPersister',
  38 => 'Doctrine\\ORM\\Cache\\Persister\\Entity\\CachedEntityPersister',
  39 => 'Doctrine\\ORM\\Cache\\Persister\\Entity\\NonStrictReadWriteCachedEntityPersister',
  40 => 'Doctrine\\ORM\\Cache\\Persister\\Entity\\ReadOnlyCachedEntityPersister',
  41 => 'Doctrine\\ORM\\Cache\\Persister\\Entity\\ReadWriteCachedEntityPersister',
  42 => 'Doctrine\\ORM\\Persisters\\Entity\\AbstractEntityInheritancePersister',
  43 => 'Doctrine\\ORM\\Persisters\\Entity\\BasicEntityPersister',
  44 => 'Doctrine\\ORM\\Persisters\\Entity\\CachedPersisterContext',
  45 => 'Doctrine\\ORM\\Persisters\\Entity\\EntityPersister',
  46 => 'Doctrine\\ORM\\Persisters\\Entity\\JoinedSubclassPersister',
  47 => 'Doctrine\\ORM\\Persisters\\Entity\\SingleTablePersister',
  48 => 'JsonSchema\\Entity\\JsonPointer',
  49 => 'Nbgrp\\OneloginSamlBundle\\Controller\\AssertionConsumerService',
  50 => 'Nbgrp\\OneloginSamlBundle\\Controller\\Login',
  51 => 'Nbgrp\\OneloginSamlBundle\\Controller\\Logout',
  52 => 'Nbgrp\\OneloginSamlBundle\\Controller\\Metadata',
  53 => 'Scheb\\TwoFactorBundle\\Controller\\FormController',
  54 => 'SuiteCRM\\API\\v8\\Controller\\ApiController',
  55 => 'SuiteCRM\\API\\v8\\Controller\\ModuleController',
  56 => 'SuiteCRM\\API\\v8\\Controller\\OAuth2Controller',
  57 => 'SuiteCRM\\API\\v8\\Controller\\SchemaController',
  59 => 'Symfony\\Bundle\\FrameworkBundle\\Controller\\ControllerResolver',
  60 => 'Symfony\\Bundle\\FrameworkBundle\\Controller\\RedirectController',
  61 => 'Symfony\\Bundle\\FrameworkBundle\\Controller\\TemplateController',
  62 => 'Symfony\\Component\\HttpKernel\\Controller\\ArgumentResolver',
  63 => 'Symfony\\Component\\HttpKernel\\Controller\\ArgumentResolverInterface',
  64 => 'Symfony\\Component\\HttpKernel\\Controller\\ArgumentResolver\\BackedEnumValueResolver',
  65 => 'Symfony\\Component\\HttpKernel\\Controller\\ArgumentResolver\\DateTimeValueResolver',
  66 => 'Symfony\\Component\\HttpKernel\\Controller\\ArgumentResolver\\DefaultValueResolver',
  67 => 'Symfony\\Component\\HttpKernel\\Controller\\ArgumentResolver\\NotTaggedControllerValueResolver',
  68 => 'Symfony\\Component\\HttpKernel\\Controller\\ArgumentResolver\\QueryParameterValueResolver',
  69 => 'Symfony\\Component\\HttpKernel\\Controller\\ArgumentResolver\\RequestAttributeValueResolver',
  70 => 'Symfony\\Component\\HttpKernel\\Controller\\ArgumentResolver\\RequestPayloadValueResolver',
  71 => 'Symfony\\Component\\HttpKernel\\Controller\\ArgumentResolver\\RequestValueResolver',
  72 => 'Symfony\\Component\\HttpKernel\\Controller\\ArgumentResolver\\ServiceValueResolver',
  73 => 'Symfony\\Component\\HttpKernel\\Controller\\ArgumentResolver\\SessionValueResolver',
  74 => 'Symfony\\Component\\HttpKernel\\Controller\\ArgumentResolver\\TraceableValueResolver',
  75 => 'Symfony\\Component\\HttpKernel\\Controller\\ArgumentResolver\\UidValueResolver',
  76 => 'Symfony\\Component\\HttpKernel\\Controller\\ArgumentResolver\\VariadicValueResolver',
  77 => 'Symfony\\Component\\HttpKernel\\Controller\\ArgumentValueResolverInterface',
  78 => 'Symfony\\Component\\HttpKernel\\Controller\\ContainerControllerResolver',
  79 => 'Symfony\\Component\\HttpKernel\\Controller\\ControllerReference',
  80 => 'Symfony\\Component\\HttpKernel\\Controller\\ControllerResolver',
  81 => 'Symfony\\Component\\HttpKernel\\Controller\\ControllerResolverInterface',
  82 => 'Symfony\\Component\\HttpKernel\\Controller\\ErrorController',
  83 => 'Symfony\\Component\\HttpKernel\\Controller\\TraceableArgumentResolver',
  84 => 'Symfony\\Component\\HttpKernel\\Controller\\TraceableControllerResolver',
  85 => 'Symfony\\Component\\HttpKernel\\Controller\\ValueResolverInterface',
  86 => 'Symfony\\Component\\Security\\Http\\Controller\\SecurityTokenValueResolver',
  87 => 'Symfony\\Component\\Security\\Http\\Controller\\UserValueResolver',
);